// Jest Snapshot v1, https://goo.gl/fbAQLP

exports[`Pruebas en <capptarea> Debe de hacer match con el snapshot 1`] = `
<div>
  <div
    class="capp"
  >
    <h1>
      Counterapp
    </h1>
    <h2>
      100
    </h2>
    <button>
      +1
    </button>
    <button>
      -1
    </button>
    <button>
      Reset
    </button>
  </div>
</div>
`;
