// Jest Snapshot v1, https://goo.gl/fbAQLP

exports[`Pruebas de <TSF> debe de hacer match de snapshot 1`] = `
<div>
  <h1>
    fragmento
  </h1>
  <p>
    Soy el supersayayin 
    Goku
  </p>
  <code>
    {"nombre":"Goku","rango":2}
  </code>
</div>
`;
